Hola, Pixel!
Array: [1, 2, 3, 4, 5]
Longitud: 5